// Jest Snapshot v1, https://jestjs.io/docs/snapshot-testing

exports[`#gears/gears/forward renders 1`] = `
<li
  className="shinkansen-gears-forward"
>
  <MockLink>
    <a
      className="mock-link"
      href="MOCK PATHNAME"
    >
      Forward
    </a>
  </MockLink>
</li>
`;
