// Jest Snapshot v1, https://goo.gl/fbAQLP

exports[`#gears/forward renders 1`] = `
<li
  className="shinkansen-gears-forward"
/>
`;
