// Jest Snapshot v1, https://goo.gl/fbAQLP

exports[`shinkansen-gears/gears/forward renders 1`] = `ShallowWrapper {}`;
