// Jest Snapshot v1, https://goo.gl/fbAQLP

exports[`shinkansen-gears/gears/reverse renders 1`] = `ShallowWrapper {}`;
