// Jest Snapshot v1, https://goo.gl/fbAQLP

exports[`#gears/gears/reverse renders 1`] = `
<li
  className="shinkansen-gears-reverse"
>
  <a
    className="mock-link"
    href={
      {
        "pathname": "MOCK PATHNAME",
      }
    }
  >
    Reverse
  </a>
</li>
`;
