// Jest Snapshot v1, https://goo.gl/fbAQLP

exports[`#gears/gears/reverse renders 1`] = `
<li
  className="shinkansen-gears-reverse"
>
  <MockLink>
    <a
      className="mock-link"
      href="MOCK PATHNAME"
    >
      Reverse
    </a>
  </MockLink>
</li>
`;
