// Jest Snapshot v1, https://goo.gl/fbAQLP

exports[`shinkansen-gears/gears Always renders 1`] = `ShallowWrapper {}`;
